

================================================================
== Vivado HLS Report for 'fdot_3d'
================================================================
* Date:           Thu Jun 24 05:08:01 2021

* Version:        2017.4 (Build 2086221 on Fri Dec 15 21:13:33 MST 2017)
* Project:        pynqrealreal
* Solution:       solution1
* Product family: zynq
* Target device:  xc7z020clg400-1


================================================================
== Performance Estimates
================================================================
+ Timing (ns): 
    * Summary: 
    +--------+-------+----------+------------+
    |  Clock | Target| Estimated| Uncertainty|
    +--------+-------+----------+------------+
    |ap_clk  |  10.00|      7.26|        1.25|
    +--------+-------+----------+------------+

+ Latency (clock cycles): 
    * Summary: 
    +-----+-----+-----+-----+---------+
    |  Latency  |  Interval | Pipeline|
    | min | max | min | max |   Type  |
    +-----+-----+-----+-----+---------+
    |    ?|    ?|    ?|    ?|   none  |
    +-----+-----+-----+-----+---------+

    + Detail: 
        * Instance: 
        N/A

        * Loop: 
        +-------------+-----+-----+----------+-----------+-----------+------+----------+
        |             |  Latency  | Iteration|  Initiation Interval  | Trip |          |
        |  Loop Name  | min | max |  Latency |  achieved |   target  | Count| Pipelined|
        +-------------+-----+-----+----------+-----------+-----------+------+----------+
        |- Loop 1     |    ?|    ?|         ?|          -|          -|     ?|    no    |
        | + Loop 1.1  |    ?|    ?|         9|          -|          -|     ?|    no    |
        +-------------+-----+-----+----------+-----------+-----------+------+----------+



================================================================
== Utilization Estimates
================================================================
* Summary: 
+-----------------+---------+-------+--------+-------+
|       Name      | BRAM_18K| DSP48E|   FF   |  LUT  |
+-----------------+---------+-------+--------+-------+
|DSP              |        -|      -|       -|      -|
|Expression       |        -|      -|       0|    663|
|FIFO             |        -|      -|       -|      -|
|Instance         |        -|      2|     205|    390|
|Memory           |        0|      -|      16|      4|
|Multiplexer      |        -|      -|       -|     98|
|Register         |        -|      -|     475|      -|
+-----------------+---------+-------+--------+-------+
|Total            |        0|      2|     696|   1155|
+-----------------+---------+-------+--------+-------+
|Available        |      280|    220|  106400|  53200|
+-----------------+---------+-------+--------+-------+
|Utilization (%)  |        0|   ~0  |   ~0   |      2|
+-----------------+---------+-------+--------+-------+

+ Detail: 
    * Instance: 
    +-------------------------+----------------------+---------+-------+-----+-----+
    |         Instance        |        Module        | BRAM_18K| DSP48E|  FF | LUT |
    +-------------------------+----------------------+---------+-------+-----+-----+
    |ebnn_compute_faddcud_U1  |ebnn_compute_faddcud  |        0|      2|  205|  390|
    +-------------------------+----------------------+---------+-------+-----+-----+
    |Total                    |                      |        0|      2|  205|  390|
    +-------------------------+----------------------+---------+-------+-----+-----+

    * DSP48: 
    N/A

    * Memory: 
    +-------------------------+----------------------+---------+---+----+------+-----+------+-------------+
    |          Memory         |        Module        | BRAM_18K| FF| LUT| Words| Bits| Banks| W*Bits*Banks|
    +-------------------------+----------------------+---------+---+----+------+-----+------+-------------+
    |bits_U                   |fdot_3d_bits          |        0|  8|   1|     8|    8|     1|           64|
    |l_conv_pool_bn_bst0_6_U  |fdot_3d_l_conv_pobkb  |        0|  8|   3|    20|    8|     1|          160|
    +-------------------------+----------------------+---------+---+----+------+-----+------+-------------+
    |Total                    |                      |        0| 16|   4|    28|   16|     2|          224|
    +-------------------------+----------------------+---------+---+----+------+-----+------+-------------+

    * FIFO: 
    N/A

    * Expression: 
    +----------------------+----------+-------+---+----+------------+------------+
    |     Variable Name    | Operation| DSP48E| FF| LUT| Bitwidth P0| Bitwidth P1|
    +----------------------+----------+-------+---+----+------------+------------+
    |j_1_fu_296_p2         |     +    |      0|  0|  39|          32|           1|
    |k_1_fu_360_p2         |     +    |      0|  0|  39|           1|          32|
    |sum_i_fu_277_p2       |     +    |      0|  0|  15|           6|           6|
    |tmp_1_fu_190_p2       |     +    |      0|  0|  39|           2|          32|
    |tmp_3_fu_290_p2       |     +    |      0|  0|  39|           1|          32|
    |tmp_i2_fu_219_p2      |     +    |      0|  0|  39|          32|          32|
    |x_kw_fu_164_p2        |     +    |      0|  0|  39|          32|           2|
    |y_kh_fu_170_p2        |     +    |      0|  0|  39|          32|           2|
    |p_neg_i_fu_237_p2     |     -    |      0|  0|  39|           1|          32|
    |p_neg_t_fu_342_p2     |     -    |      0|  0|  39|           1|          32|
    |p_neg_t_i_fu_253_p2   |     -    |      0|  0|  15|           1|           6|
    |tmp_i1_fu_208_p2      |     -    |      0|  0|  39|          32|          32|
    |tmp_5_i_fu_366_p2     |    and   |      0|  0|  15|           8|           8|
    |tmp_4_fu_214_p2       |   icmp   |      0|  0|  18|          32|          32|
    |tmp_6_i_fu_372_p2     |   icmp   |      0|  0|  11|           8|           1|
    |tmp_s_fu_185_p2       |   icmp   |      0|  0|  18|          32|          32|
    |tmp_fu_302_p2         |    or    |      0|  0|  39|          32|          32|
    |a1_fu_316_p3          |  select  |      0|  0|  32|           1|           1|
    |tmp_3_i_fu_348_p3     |  select  |      0|  0|  32|           1|          32|
    |tmp_9_fu_391_p3       |  select  |      0|  0|  32|           1|          32|
    |tmp_i_fu_269_p3       |  select  |      0|  0|   6|           1|           6|
    |tmp_37_neg_fu_381_p2  |    xor   |      0|  0|  40|          32|          33|
    +----------------------+----------+-------+---+----+------------+------------+
    |Total                 |          |      0|  0| 663|         321|         450|
    +----------------------+----------+-------+---+----+------------+------------+

    * Multiplexer: 
    +------------------+----+-----------+-----+-----------+
    |       Name       | LUT| Input Size| Bits| Total Bits|
    +------------------+----+-----------+-----+-----------+
    |ap_NS_fsm         |  53|         12|    1|         12|
    |b_idx_1_reg_124   |   9|          2|   32|         64|
    |i_assign_reg_114  |   9|          2|   32|         64|
    |j_assign_reg_136  |   9|          2|   32|         64|
    |n_assign_reg_146  |   9|          2|   32|         64|
    |res_1_fu_56       |   9|          2|   32|         64|
    +------------------+----+-----------+-----+-----------+
    |Total             |  98|         22|  161|        332|
    +------------------+----+-----------+-----+-----------+

    * Register: 
    +-----------------------+----+----+-----+-----------+
    |          Name         | FF | LUT| Bits| Const Bits|
    +-----------------------+----+----+-----+-----------+
    |B_offset_cast_reg_429  |   5|   0|    6|          1|
    |a1_reg_485             |  32|   0|   32|          0|
    |ap_CS_fsm              |  11|   0|   11|          0|
    |b_idx_1_reg_124        |  32|   0|   32|          0|
    |i_assign_reg_114       |  32|   0|   32|          0|
    |j_assign_reg_136       |  32|   0|   32|          0|
    |k_1_reg_501            |  32|   0|   32|          0|
    |n_assign_reg_146       |  32|   0|   32|          0|
    |res_1_fu_56            |  32|   0|   32|          0|
    |res_3_reg_516          |  32|   0|   32|          0|
    |sum_i_reg_460          |   6|   0|    6|          0|
    |tmp_10_reg_455         |   1|   0|    1|          0|
    |tmp_11_reg_465         |   3|   0|    3|          0|
    |tmp_12_reg_470         |   3|   0|    3|          0|
    |tmp_1_reg_437          |  32|   0|   32|          0|
    |tmp_3_reg_475          |  32|   0|   32|          0|
    |tmp_9_reg_506          |  32|   0|   32|          0|
    |tmp_i1_reg_442         |  30|   0|   32|          2|
    |x_kw_reg_419           |  32|   0|   32|          0|
    |y_kh_reg_424           |  32|   0|   32|          0|
    +-----------------------+----+----+-----+-----------+
    |Total                  | 475|   0|  478|          3|
    +-----------------------+----+----+-----+-----------+



================================================================
== Interface
================================================================
* Summary: 
+------------+-----+-----+------------+--------------+--------------+
|  RTL Ports | Dir | Bits|  Protocol  | Source Object|    C Type    |
+------------+-----+-----+------------+--------------+--------------+
|ap_clk      |  in |    1| ap_ctrl_hs |    fdot_3d   | return value |
|ap_rst      |  in |    1| ap_ctrl_hs |    fdot_3d   | return value |
|ap_start    |  in |    1| ap_ctrl_hs |    fdot_3d   | return value |
|ap_done     | out |    1| ap_ctrl_hs |    fdot_3d   | return value |
|ap_idle     | out |    1| ap_ctrl_hs |    fdot_3d   | return value |
|ap_ready    | out |    1| ap_ctrl_hs |    fdot_3d   | return value |
|ap_return   | out |   32| ap_ctrl_hs |    fdot_3d   | return value |
|A_address0  | out |   14|  ap_memory |       A      |     array    |
|A_ce0       | out |    1|  ap_memory |       A      |     array    |
|A_q0        |  in |   32|  ap_memory |       A      |     array    |
|B_offset    |  in |    5|   ap_none  |   B_offset   |    scalar    |
|x           |  in |   32|   ap_none  |       x      |    scalar    |
|y           |  in |   32|   ap_none  |       y      |    scalar    |
+------------+-----+-----+------------+--------------+--------------+

